OWNER=00
CLASS=0001
RRTTL=00000001
RTYPE=0040
RDATA=000100
------
OWNER=00
CLASS=0001
RRTTL=00000001
RTYPE=0040
RDATA=000200
------
OWNER=00
CLASS=0001
RRTTL=00000001
RTYPE=0040
RDATA=000301780004020003666F6F
------
OWNER=00
CLASS=0001
RRTTL=00000001
RTYPE=0040
RDATA=00040004020007666F6F206261720403000362617A
------
OWNER=00
CLASS=0001
RRTTL=00000001
RTYPE=0040
RDATA=0005000000000400010003000100090268310568322C6833000300020405
------
OWNER=00
CLASS=0001
RRTTL=00000001
RTYPE=0040
RDATA=0006000000000200040001000403680A680004000801020304010203050006001000010000000000000000000000000002
------
OWNER=00
CLASS=0001
RRTTL=00000001
RTYPE=0040
RDATA=000700000100090268310568322C68330005000461686F6A
------
WARNG=ZS_NUMBER16_OVERFLOW
------
WARNG=ZS_LABEL_OVERFLOW
------
WARNG=ZS_NUMBER16_OVERFLOW
------
WARNG=ZS_BAD_SVC_PARAM
------
WARNG=ZS_BAD_SVC_PARAM
------
WARNG=ZS_NUMBER16_OVERFLOW
------
WARNG=ZS_BAD_IPV4
------
WARNG=ZS_BAD_ADDRESS_CHAR
------
