OWNER=00
CLASS=0001
RRTTL=00000001
RTYPE=0041
RDATA=000100
------
